[dotenv@17.3.1] injecting env (0) from .env -- tip: ≡ƒöÉ prevent committing .env to code: https://dotenvx.com/precommit
node : node:events:497
At line:1 char:1
+ node src/index.js > 
error_log.txt 2>&1; 
cat error_log.txt
+ ~~~~~~~~~~~~~~~~~~~~
~~~~~~~~~~~~~~~~~~
    + CategoryInfo    
          : NotSpeci  
  fied: (node:event   
 s:497:String) [],    
 RemoteException
    + FullyQualifiedE 
   rrorId : NativeCo  
  mmandError
 
      throw er; // 
Unhandled 'error' 
event
      ^

Error: listen 
EADDRINUSE: address 
already in use :::5000
    at Server.setupLis
tenHandle [as 
_listen2] 
(node:net:1940:16)
    at 
listenInCluster 
(node:net:1997:12)
    at Server.listen 
(node:net:2102:7)
    at file:///D:/chat
-app/ignitechat/backen
d/src/index.js:54:8
    at ModuleJob.run (
node:internal/modules/
esm/module_job:345:25)
    at async onImport.
tracePromise.__proto__
 (node:internal/module
s/esm/loader:651:26)
    at async asyncRunE
ntryPointWithESMLoader
 (node:internal/module
s/run_main:117:5)
Emitted 'error' event 
on Server instance at:
    at emitErrorNT 
(node:net:1976:8)
    at process.process
TicksAndRejections (no
de:internal/process/ta
sk_queues:90:21) {
  code: 'EADDRINUSE',
  errno: -4091,
  syscall: 'listen',
  address: '::',
  port: 5000
}

Node.js v22.19.0
